<testsuites id="" name="" tests="3" failures="1" skipped="0" errors="0" time="67.112913">
<testsuite name="Chapter1\04_Codegen_Test.spec.ts" timestamp="2026-01-21T09:56:10.972Z" hostname="chromium" tests="1" failures="0" skipped="0" time="25.637" errors="0">
<testcase name="Codegen test case" classname="Chapter1\04_Codegen_Test.spec.ts" time="25.637">
<system-out>
<![CDATA[
[[ATTACHMENT|test-results\Chapter1-04_Codegen_Test-Codegen-test-case-chromium\trace.zip]]
]]>
</system-out>
</testcase>
</testsuite>
<testsuite name="Chapter1\04_Codegen_Test.spec.ts" timestamp="2026-01-21T09:56:10.972Z" hostname="firefox" tests="1" failures="1" skipped="0" time="37.22" errors="0">
<testcase name="Codegen test case" classname="Chapter1\04_Codegen_Test.spec.ts" time="37.22">
<failure message="04_Codegen_Test.spec.ts:3:5 Codegen test case" type="FAILURE">
<![CDATA[  [firefox] › Chapter1\04_Codegen_Test.spec.ts:3:5 › Codegen test case @PlaywrightWithjenkins ──────

    Test timeout of 30000ms exceeded.

    Error: locator.click: Test timeout of 30000ms exceeded.
    Call log:
      - waiting for getByRole('link', { name: 'Playwright by Testers Talk ✅' })
        - locator resolved to <a aria-haspopup="false" class="yt-lockup-metadata-view-model__title" href="/watch?v=2poXBtifpzA&list=PLUeDIlio4THEgPRVJRqZRS8uw8hhVNQCM">…</a>
      - attempting click action
        - waiting for element to be visible, enabled and stable
        - element is not stable
      - retrying click action
        - waiting for element to be visible, enabled and stable


       7 |   await page.getByRole('combobox', { name: 'Search' }).fill('playwright by testers talk');
       8 |   await page.getByRole('combobox', { name: 'Search' }).press('Enter');
    >  9 |   await page.getByRole('link', { name: 'Playwright by Testers Talk ✅' }).click();
         |                                                                          ^
      10 |   await page.locator('#movie_player video').click();
      11 |   await expect(page.getByRole('link', { name: 'Playwright by Testers Talk ✅' })).toBeVisible();
      12 | });
        at C:\PLAYWRIGHTTYPESCRIPT\tests\Chapter1\04_Codegen_Test.spec.ts:9:74

    attachment #1: screenshot (image/png) ──────────────────────────────────────────────────────────
    ..\test-results\Chapter1-04_Codegen_Test-Codegen-test-case-firefox\test-failed-1.png
    ────────────────────────────────────────────────────────────────────────────────────────────────

    Error Context: ..\test-results\Chapter1-04_Codegen_Test-Codegen-test-case-firefox\error-context.md

    attachment #3: trace (application/zip) ─────────────────────────────────────────────────────────
    ..\test-results\Chapter1-04_Codegen_Test-Codegen-test-case-firefox\trace.zip
    Usage:

        npx playwright show-trace ..\test-results\Chapter1-04_Codegen_Test-Codegen-test-case-firefox\trace.zip

    ────────────────────────────────────────────────────────────────────────────────────────────────
]]>
</failure>
<system-out>
<![CDATA[
[[ATTACHMENT|test-results\Chapter1-04_Codegen_Test-Codegen-test-case-firefox\test-failed-1.png]]

[[ATTACHMENT|test-results\Chapter1-04_Codegen_Test-Codegen-test-case-firefox\error-context.md]]

[[ATTACHMENT|test-results\Chapter1-04_Codegen_Test-Codegen-test-case-firefox\trace.zip]]
]]>
</system-out>
</testcase>
</testsuite>
<testsuite name="Chapter1\04_Codegen_Test.spec.ts" timestamp="2026-01-21T09:56:10.972Z" hostname="webkit" tests="1" failures="0" skipped="0" time="28.064" errors="0">
<testcase name="Codegen test case" classname="Chapter1\04_Codegen_Test.spec.ts" time="28.064">
<system-out>
<![CDATA[
[[ATTACHMENT|test-results\Chapter1-04_Codegen_Test-Codegen-test-case-webkit\test-finished-1.png]]

[[ATTACHMENT|test-results\Chapter1-04_Codegen_Test-Codegen-test-case-webkit\trace.zip]]
]]>
</system-out>
</testcase>
</testsuite>
</testsuites>